[trystack.mediumra.re/home-landing-1.html]
[backblue.gif]
[fade.gif]
[index.html]
[trystack.mediumra.re/css/bootstrap.css]
[trystack.mediumra.re/css/stack-interface.css]
[trystack.mediumra.re/css/socicon.css]
[trystack.mediumra.re/css/lightbox.min.css]
[trystack.mediumra.re/css/flickity.css]
[trystack.mediumra.re/css/iconsmind.css]
[trystack.mediumra.re/css/jquery.steps.css]
[trystack.mediumra.re/css/theme.css]
[trystack.mediumra.re/index.html]
[trystack.mediumra.re/img/logo-dark.png]
[trystack.mediumra.re/img/logo-light.png]
[trystack.mediumra.re/img/dropdown-1.jpg]
[trystack.mediumra.re/home-accommodation.html]
[trystack.mediumra.re/home-construction.html]
[trystack.mediumra.re/home-coworking.html]
[trystack.mediumra.re/home-drone-photography.html]
[trystack.mediumra.re/home-education.html]
[trystack.mediumra.re/home-event.html]
[trystack.mediumra.re/home-fitness.html]
[trystack.mediumra.re/home-health-insurance.html]
[trystack.mediumra.re/home-knowledge-base.html]
[trystack.mediumra.re/home-musician.html]
[trystack.mediumra.re/home-nonprofit.html]
[trystack.mediumra.re/home-political.html]
[trystack.mediumra.re/home-restaurant.html]
[trystack.mediumra.re/home-recruitment.html]
[trystack.mediumra.re/home-tourism.html]
[trystack.mediumra.re/home-wedding.html]
[trystack.mediumra.re/home-landing-2.html]
[trystack.mediumra.re/home-landing-3.html]
[trystack.mediumra.re/home-landing-4.html]
[trystack.mediumra.re/home-landing-5.html]
[trystack.mediumra.re/home-landing-6.html]
[trystack.mediumra.re/home-landing-7.html]
[trystack.mediumra.re/home-landing-8.html]
[trystack.mediumra.re/home-landing-9.html]
[trystack.mediumra.re/home-landing-10.html]
[trystack.mediumra.re/home-software-1.html]
[trystack.mediumra.re/home-software-2.html]
[trystack.mediumra.re/home-software-3.html]
[trystack.mediumra.re/home-portfolio-agency-1.html]
[trystack.mediumra.re/home-portfolio-agency-2.html]
[trystack.mediumra.re/home-portfolio-personal-1.html]
[trystack.mediumra.re/home-portfolio-photography.html]
[trystack.mediumra.re/home-portfolio-photography-2.html]
[trystack.mediumra.re/home-portfolio-studio-1.html]
[trystack.mediumra.re/home-portfolio-studio-2.html]
[trystack.mediumra.re/home-portfolio-video.html]
[trystack.mediumra.re/home-coming-soon-1.html]
[trystack.mediumra.re/home-coming-soon-2.html]
[trystack.mediumra.re/home-coming-soon-3.html]
[trystack.mediumra.re/page-about-company.html]
[trystack.mediumra.re/page-about-team.html]
[trystack.mediumra.re/page-about-me.html]
[trystack.mediumra.re/page-about-history.html]
[trystack.mediumra.re/page-careers.html]
[trystack.mediumra.re/page-careers-single.html]
[trystack.mediumra.re/page-contact-map-1.html]
[trystack.mediumra.re/page-contact-map-2.html]
[trystack.mediumra.re/page-contact-map-3.html]
[trystack.mediumra.re/page-contact-map-4.html]
[trystack.mediumra.re/page-contact-planner-1.html]
[trystack.mediumra.re/page-contact-planner-2.html]
[trystack.mediumra.re/page-pricing-1.html]
[trystack.mediumra.re/page-pricing-2.html]
[trystack.mediumra.re/page-pricing-3.html]
[trystack.mediumra.re/page-services-1.html]
[trystack.mediumra.re/page-services-2.html]
[trystack.mediumra.re/page-services-3.html]
[trystack.mediumra.re/page-accounts-profile.html]
[trystack.mediumra.re/page-accounts-settings.html]
[trystack.mediumra.re/page-accounts-login-1.html]
[trystack.mediumra.re/page-accounts-login-2.html]
[trystack.mediumra.re/page-accounts-create-1.html]
[trystack.mediumra.re/page-accounts-create-2.html]
[trystack.mediumra.re/page-accounts-recover.html]
[trystack.mediumra.re/page-utility-conversation.html]
[trystack.mediumra.re/404.html]
[trystack.mediumra.re/500.html]
[trystack.mediumra.re/page-utility-maintnence.html]
[trystack.mediumra.re/page-utility-onboarding.html]
[trystack.mediumra.re/page-utility-search-results-list.html]
[trystack.mediumra.re/page-utility-search-results.html]
[trystack.mediumra.re/img/inner-6.jpg]
[trystack.mediumra.re/sections-accordions.html]
[trystack.mediumra.re/sections-cta.html]
[trystack.mediumra.re/variant/builder.html]
[trystack.mediumra.re/sections-cards.html]
[trystack.mediumra.re/sections-covers.html]
[trystack.mediumra.re/sections-features-small.html]
[trystack.mediumra.re/sections-features-large.html]
[trystack.mediumra.re/sections-contact.html]
[trystack.mediumra.re/sections-signup.html]
[trystack.mediumra.re/sections-subscribe.html]
[trystack.mediumra.re/sections-footers.html]
[trystack.mediumra.re/sections-galleries.html]
[trystack.mediumra.re/sections-instagram.html]
[trystack.mediumra.re/sections-maps.html]
[trystack.mediumra.re/sections-modals.html]
[trystack.mediumra.re/sections-navigation.html]
[trystack.mediumra.re/sections-notifications.html]
[trystack.mediumra.re/sections-pricing.html]
[trystack.mediumra.re/sections-processes.html]
[trystack.mediumra.re/sections-sliders.html]
[trystack.mediumra.re/sections-twitter.html]
[trystack.mediumra.re/sections-tabs.html]
[trystack.mediumra.re/sections-team.html]
[trystack.mediumra.re/sections-testimonials.html]
[trystack.mediumra.re/sections-text-layouts.html]
[trystack.mediumra.re/sections-titles.html]
[trystack.mediumra.re/sections-videos.html]
[trystack.mediumra.re/img/dropdown-2.jpg]
[trystack.mediumra.re/elements.html]
[trystack.mediumra.re/elements-accordions.html]
[trystack.mediumra.re/elements-alerts.html]
[trystack.mediumra.re/elements-boxes.html]
[trystack.mediumra.re/elements-buttons.html]
[trystack.mediumra.re/elements-colors.html]
[trystack.mediumra.re/elements-countdown.html]
[trystack.mediumra.re/elements-dropdowns.html]
[trystack.mediumra.re/elements-form-elements.html]
[trystack.mediumra.re/elements-gradient-backgrounds.html]
[trystack.mediumra.re/elements-grid.html]
[trystack.mediumra.re/elements-image-backgrounds.html]
[trystack.mediumra.re/elements-instagram.html]
[trystack.mediumra.re/elements-lightbox.html]
[trystack.mediumra.re/elements-maps.html]
[trystack.mediumra.re/elements-masonry.html]
[trystack.mediumra.re/elements-modals.html]
[trystack.mediumra.re/elements-navigation.html]
[trystack.mediumra.re/elements-navigation-inpage.html]
[trystack.mediumra.re/elements-navigation-sidebar.html]
[trystack.mediumra.re/elements-notifications.html]
[trystack.mediumra.re/elements-parallax.html]
[trystack.mediumra.re/elements-pricing.html]
[trystack.mediumra.re/elements-progress-bars.html]
[trystack.mediumra.re/elements-radials.html]
[trystack.mediumra.re/elements-scrims-overlays.html]
[trystack.mediumra.re/elements-sliders.html]
[trystack.mediumra.re/elements-tables.html]
[trystack.mediumra.re/elements-tabs.html]
[trystack.mediumra.re/elements-tooltips.html]
[trystack.mediumra.re/elements-twitter.html]
[trystack.mediumra.re/elements-typed-text.html]
[trystack.mediumra.re/elements-typography.html]
[trystack.mediumra.re/elements-video-background.html]
[trystack.mediumra.re/elements-video-inline.html]
[trystack.mediumra.re/elements-wizards.html]
[trystack.mediumra.re/img/landing-10.jpg]
[trystack.mediumra.re/img/headline-1.png]
[trystack.mediumra.re/img/blog-1.jpg]
[trystack.mediumra.re/img/inner-5.jpg]
[trystack.mediumra.re/img/inner-4.jpg]
[trystack.mediumra.re/img/blog-3.jpg]
[trystack.mediumra.re/js/jquery-3.1.1.min.js]
[trystack.mediumra.re/js/flickity.min.js]
[trystack.mediumra.re/js/easypiechart.min.js]
[trystack.mediumra.re/js/parallax.js]
[trystack.mediumra.re/js/typed.min.js]
[trystack.mediumra.re/js/datepicker.js]
[trystack.mediumra.re/js/isotope.min.js]
[trystack.mediumra.re/js/lightbox.min.js]
[trystack.mediumra.re/js/granim.min.js]
[trystack.mediumra.re/js/ytplayer.min.js]
[trystack.mediumra.re/js/countdown.min.js]
[trystack.mediumra.re/js/jquery.steps.min.js]
[trystack.mediumra.re/js/twitterfetcher.min.js]
[trystack.mediumra.re/js/spectragram.min.js]
[trystack.mediumra.re/js/smooth-scroll.min.js]
[trystack.mediumra.re/js/scripts.js]
[trystack.mediumra.re/home-landing-1.html]
[trystack.mediumra.re/css/bootstrap.css]
[trystack.mediumra.re/fonts/stack-interfacea0e2.eot]
[trystack.mediumra.re/fonts/stack-interfacea0e2.woff2]
[trystack.mediumra.re/fonts/stack-interfacea0e2.woff]
[trystack.mediumra.re/fonts/stack-interfacea0e2.ttf]
[trystack.mediumra.re/fonts/stack-interfacea0e2.svg]
[trystack.mediumra.re/css/stack-interface.css]
[trystack.mediumra.re/fonts/socicon21b8.woff]
[trystack.mediumra.re/fonts/socicon21b8.svg]
[trystack.mediumra.re/css/socicon.css]
[trystack.mediumra.re/css/lightbox.min.css]
[trystack.mediumra.re/css/flickity.css]
[trystack.mediumra.re/fonts/socicon21b8.eot]
[trystack.mediumra.re/fonts/iconsmind7c5b.eot]
[trystack.mediumra.re/fonts/socicon21b8.ttf]
[trystack.mediumra.re/fonts/iconsmind7c5b.ttf]
[trystack.mediumra.re/fonts/iconsmind7c5b.woff]
[trystack.mediumra.re/fonts/iconsmind7c5b.svg]
[trystack.mediumra.re/css/iconsmind.css]
[trystack.mediumra.re/css/jquery.steps.css]
[trystack.mediumra.re/css/theme.css]
[trystack.mediumra.re/css/custom.css]
[trystack.mediumra.re/blog-articles-list.html]
[trystack.mediumra.re/blog-articles-list-minimal.html]
[trystack.mediumra.re/blog-articles-magazine.html]
[trystack.mediumra.re/blog-articles-cards.html]
[trystack.mediumra.re/blog-articles-cards-sidebar.html]
[trystack.mediumra.re/blog-post-single.html]
[trystack.mediumra.re/blog-post-audio-single.html]
[trystack.mediumra.re/blog-post-image-single.html]
[trystack.mediumra.re/blog-post-video-single.html]
[trystack.mediumra.re/shop-2col.html]
[trystack.mediumra.re/shop-3col.html]
[trystack.mediumra.re/shop-4col.html]
[trystack.mediumra.re/shop-2col-tiles.html]
[trystack.mediumra.re/shop-3col-tiles.html]
[trystack.mediumra.re/shop-4col-tiles.html]
[trystack.mediumra.re/shop-product-1.html]
[trystack.mediumra.re/shop-product-2.html]
[trystack.mediumra.re/shop-cart.html]
[trystack.mediumra.re/shop-checkout.html]
[trystack.mediumra.re/shop-terms.html]
[trystack.mediumra.re/portfolio-one-1col.html]
[trystack.mediumra.re/portfolio-one-2col.html]
[trystack.mediumra.re/portfolio-one-3col.html]
[trystack.mediumra.re/portfolio-two-1col.html]
[trystack.mediumra.re/portfolio-two-2col.html]
[trystack.mediumra.re/portfolio-two-3col.html]
[trystack.mediumra.re/portfolio-three-1col.html]
[trystack.mediumra.re/portfolio-three-2col.html]
[trystack.mediumra.re/portfolio-three-3col.html]
[trystack.mediumra.re/portfolio-four-2col.html]
[trystack.mediumra.re/portfolio-four-3col.html]
[trystack.mediumra.re/portfolio-case-study-1.html]
[trystack.mediumra.re/portfolio-case-study-2.html]
[trystack.mediumra.re/portfolio-case-study-3.html]
[trystack.mediumra.re/portfolio-single-1.html]
[trystack.mediumra.re/portfolio-single-2.html]
[trystack.mediumra.re/img/demos/landing-1.jpg]
[trystack.mediumra.re/img/demos/landing-2.jpg]
[trystack.mediumra.re/img/demos/landing-3.jpg]
[trystack.mediumra.re/img/demos/landing-4.jpg]
[trystack.mediumra.re/img/demos/landing-5.jpg]
[trystack.mediumra.re/img/demos/landing-6.jpg]
[trystack.mediumra.re/img/demos/landing-7.jpg]
[trystack.mediumra.re/img/demos/landing-8.jpg]
[trystack.mediumra.re/img/demos/landing-9.jpg]
[trystack.mediumra.re/img/demos/landing-10.jpg]
[trystack.mediumra.re/img/demos/software-1.jpg]
[trystack.mediumra.re/img/demos/software-2.jpg]
[trystack.mediumra.re/img/demos/software-3.jpg]
[trystack.mediumra.re/img/demos/accommodation.jpg]
[trystack.mediumra.re/img/demos/construction.jpg]
[trystack.mediumra.re/img/demos/coworking.jpg]
[trystack.mediumra.re/img/demos/drone-photography.jpg]
[trystack.mediumra.re/img/demos/education.jpg]
[trystack.mediumra.re/img/demos/event.jpg]
[trystack.mediumra.re/img/demos/fitness.jpg]
[trystack.mediumra.re/img/demos/insurance.jpg]
[trystack.mediumra.re/img/demos/knowledge-base.jpg]
[trystack.mediumra.re/img/demos/musician.jpg]
[trystack.mediumra.re/img/demos/nonprofit.jpg]
[trystack.mediumra.re/img/demos/political.jpg]
[trystack.mediumra.re/img/demos/restaurant.jpg]
[trystack.mediumra.re/img/demos/recruitment.jpg]
[trystack.mediumra.re/img/demos/tourism.jpg]
[trystack.mediumra.re/img/demos/wedding.jpg]
[trystack.mediumra.re/img/demos/agency.jpg]
[trystack.mediumra.re/img/demos/agency-2.jpg]
[trystack.mediumra.re/img/demos/personal-1.jpg]
[trystack.mediumra.re/img/demos/photography.jpg]
[trystack.mediumra.re/img/demos/photography-2.jpg]
[trystack.mediumra.re/img/demos/studio-1.jpg]
[trystack.mediumra.re/img/demos/studio-2.jpg]
[trystack.mediumra.re/img/demos/video.jpg]
[trystack.mediumra.re/home-magazine.html]
[trystack.mediumra.re/img/demos/magazine.jpg]
[trystack.mediumra.re/img/demos/magazine-2.jpg]
[trystack.mediumra.re/img/demos/coming-soon-1.jpg]
[trystack.mediumra.re/img/demos/coming-soon-2.jpg]
[trystack.mediumra.re/img/demos/coming-soon-3.jpg]
[trystack.mediumra.re/img/cowork-8.jpg]
[trystack.mediumra.re/index.html]
[trystack.mediumra.re/img/cowork-11.jpg]
[trystack.mediumra.re/img/flag-1.png]
[trystack.mediumra.re/img/accom-1.jpg]
[trystack.mediumra.re/img/accom-2.jpg]
[trystack.mediumra.re/img/accom-3.jpg]
[trystack.mediumra.re/img/accom-4.jpg]
[trystack.mediumra.re/img/accom-5.jpg]
[trystack.mediumra.re/img/accom-6.jpg]
[trystack.mediumra.re/img/accom-7.jpg]
[trystack.mediumra.re/img/tourism-9.jpg]
[trystack.mediumra.re/img/tourism-8.jpg]
[trystack.mediumra.re/img/tourism-7.jpg]
[trystack.mediumra.re/img/tourism-6.jpg]
[trystack.mediumra.re/home-accommodation.html]
[trystack.mediumra.re/img/construction-1.jpg]
[trystack.mediumra.re/img/construction-2.jpg]
[trystack.mediumra.re/home-construction.html]
[trystack.mediumra.re/img/cowork-7.jpg]
[trystack.mediumra.re/img/cowork-2.jpg]
[trystack.mediumra.re/img/cowork-6.jpg]
[trystack.mediumra.re/img/knowledge-1.jpg]
[trystack.mediumra.re/img/cowork-5.jpg]
[trystack.mediumra.re/home-coworking.html]
[trystack.mediumra.re/img/drone-1.jpg]
[trystack.mediumra.re/img/headline-4.png]
[trystack.mediumra.re/img/drone-2.jpg]
[trystack.mediumra.re/img/drone-3.jpg]
[trystack.mediumra.re/img/drone-4.jpg]
[trystack.mediumra.re/img/flag-2.png]
[trystack.mediumra.re/home-drone-photography.html]
[trystack.mediumra.re/img/education-1.jpg]
[trystack.mediumra.re/img/education-2.jpg]
[trystack.mediumra.re/img/education-3.jpg]
[trystack.mediumra.re/img/education-4.jpg]
[trystack.mediumra.re/img/education-5.jpg]
[trystack.mediumra.re/img/education-6.jpg]
[trystack.mediumra.re/img/education-7.jpg]
[trystack.mediumra.re/home-education.html]
[trystack.mediumra.re/img/conference-1.jpg]
[trystack.mediumra.re/img/conference-2.jpg]
[trystack.mediumra.re/img/avatar-round-1.png]
[trystack.mediumra.re/img/avatar-round-3.png]
[trystack.mediumra.re/img/avatar-round-2.png]
[trystack.mediumra.re/img/avatar-round-4.png]
[trystack.mediumra.re/img/avatar-round-5.png]
[trystack.mediumra.re/img/avatar-round-6.png]
[trystack.mediumra.re/home-event.html]
[trystack.mediumra.re/img/fitness-1.jpg]
[trystack.mediumra.re/img/fitness-2.jpg]
[trystack.mediumra.re/img/fitness-3.jpg]
[trystack.mediumra.re/img/fitness-4.jpg]
[trystack.mediumra.re/img/fitness-5.jpg]
[trystack.mediumra.re/home-fitness.html]
[trystack.mediumra.re/img/insurance-1.jpg]
[trystack.mediumra.re/img/insurance-2.jpg]
[trystack.mediumra.re/img/insurance-3.jpg]
[trystack.mediumra.re/img/avatar-large-2.png]
[trystack.mediumra.re/home-health-insurance.html]
[trystack.mediumra.re/home-knowledge-base.html]
[trystack.mediumra.re/img/music-1.jpg]
[trystack.mediumra.re/img/music-2.jpg]
[trystack.mediumra.re/img/music-3.jpg]
[trystack.mediumra.re/home-musician.html]
[trystack.mediumra.re/img/nonprofit-1.jpg]
[trystack.mediumra.re/img/headline-2.png]
[trystack.mediumra.re/img/nonprofit-2.jpg]
[trystack.mediumra.re/img/nonprofit-3.jpg]
[trystack.mediumra.re/img/nonprofit-4.jpg]
[trystack.mediumra.re/img/nonprofit-6.jpg]
[trystack.mediumra.re/img/nonprofit-5.jpg]
[trystack.mediumra.re/home-nonprofit.html]
[trystack.mediumra.re/img/political-1.jpg]
[trystack.mediumra.re/img/political-2.jpg]
[trystack.mediumra.re/home-political.html]
[trystack.mediumra.re/img/restaurant-1.jpg]
[trystack.mediumra.re/img/restaurant-2.jpg]
[trystack.mediumra.re/img/restaurant-3.jpg]
[trystack.mediumra.re/img/restaurant-4.jpg]
[trystack.mediumra.re/img/restaurant-6.jpg]
[trystack.mediumra.re/img/restaurant-5.jpg]
[trystack.mediumra.re/home-restaurant.html]
[trystack.mediumra.re/img/avatar-group.jpg]
[trystack.mediumra.re/img/partner-1.png]
[trystack.mediumra.re/img/partner-5.png]
[trystack.mediumra.re/img/partner-7.png]
[trystack.mediumra.re/img/partner-4.png]
[trystack.mediumra.re/img/partner-6.png]
[trystack.mediumra.re/img/recruitment-1.jpg]
[trystack.mediumra.re/img/recruitment-2.jpg]
[trystack.mediumra.re/img/recruitment-3.jpg]
[trystack.mediumra.re/img/recruitment-4.jpg]
[trystack.mediumra.re/home-recruitment.html]
[trystack.mediumra.re/img/tourism-2.jpg]
[trystack.mediumra.re/img/tourism-3.jpg]
[trystack.mediumra.re/img/tourism-4.jpg]
[trystack.mediumra.re/img/tourism-5.jpg]
[trystack.mediumra.re/img/tourism-1.jpg]
[trystack.mediumra.re/home-tourism.html]
[trystack.mediumra.re/img/wedding-1.jpg]
[trystack.mediumra.re/img/wedding-2.jpg]
[trystack.mediumra.re/img/wedding-3.jpg]
[trystack.mediumra.re/img/wedding-4.jpg]
[trystack.mediumra.re/img/wedding-5.jpg]
[trystack.mediumra.re/home-wedding.html]
[trystack.mediumra.re/img/avatar-large-3.png]
[trystack.mediumra.re/img/landing-7.jpg]
[trystack.mediumra.re/home-landing-2.html]
[trystack.mediumra.re/img/landing-15.jpg]
[trystack.mediumra.re/img/landing-19.jpg]
[trystack.mediumra.re/img/landing-16.jpg]
[trystack.mediumra.re/img/landing-17.jpg]
[trystack.mediumra.re/img/landing-18.jpg]
[trystack.mediumra.re/img/landing-20.jpg]
[trystack.mediumra.re/home-landing-3.html]
[trystack.mediumra.re/img/landing-21.jpg]
[trystack.mediumra.re/img/hero-3.jpg]
[trystack.mediumra.re/home-landing-4.html]
[trystack.mediumra.re/img/landing-1.jpg]
[trystack.mediumra.re/img/landing-6.jpg]
[trystack.mediumra.re/img/device-bg-1.jpg]
[trystack.mediumra.re/home-landing-5.html]
[trystack.mediumra.re/img/device-3.png]
[trystack.mediumra.re/img/device-6.png]
[trystack.mediumra.re/img/device-2.png]
[trystack.mediumra.re/home-landing-6.html]
[trystack.mediumra.re/img/landing-13.jpg]
[trystack.mediumra.re/img/landing-14.jpg]
[trystack.mediumra.re/img/landing-12.jpg]
[trystack.mediumra.re/home-landing-7.html]
[trystack.mediumra.re/img/landing-22.jpg]
[trystack.mediumra.re/img/avatar-large-1.png]
[trystack.mediumra.re/home-landing-8.html]
[trystack.mediumra.re/img/landing-2.jpg]
[trystack.mediumra.re/img/landing-3.jpg]
[trystack.mediumra.re/img/device-1.png]
[trystack.mediumra.re/img/landing-4.jpg]
[trystack.mediumra.re/img/landing-5.jpg]
[trystack.mediumra.re/home-landing-9.html]
[trystack.mediumra.re/img/landing-25.jpg]
[trystack.mediumra.re/img/landing-26.jpg]
[trystack.mediumra.re/home-landing-10.html]
[trystack.mediumra.re/img/software-1.jpg]
[trystack.mediumra.re/img/software-2.jpg]
[trystack.mediumra.re/img/software-3.jpg]
[trystack.mediumra.re/img/software-4.jpg]
[trystack.mediumra.re/img/software-5.jpg]
[trystack.mediumra.re/home-software-1.html]
[trystack.mediumra.re/img/art-1.jpg]
[trystack.mediumra.re/img/landing-8.jpg]
[trystack.mediumra.re/img/ebook-2.png]
[trystack.mediumra.re/home-software-2.html]
[trystack.mediumra.re/img/art-2.jpg]
[trystack.mediumra.re/img/art-3.jpg]
[trystack.mediumra.re/img/art-4.jpg]
[trystack.mediumra.re/img/cowork-10.jpg]
[trystack.mediumra.re/home-software-3.html]
[trystack.mediumra.re/img/agency-5.jpg]
[trystack.mediumra.re/img/work-6.jpg]
[trystack.mediumra.re/img/work-3.jpg]
[trystack.mediumra.re/home-portfolio-agency-1.html]
[trystack.mediumra.re/img/partner-2.png]
[trystack.mediumra.re/img/partner-3.png]
[trystack.mediumra.re/img/cowork-1.jpg]
[trystack.mediumra.re/home-portfolio-agency-2.html]
[trystack.mediumra.re/img/personal-1.jpg]
[trystack.mediumra.re/home-portfolio-personal-1.html]
[trystack.mediumra.re/img/photography-1.jpg]
[trystack.mediumra.re/img/photography-2.jpg]
[trystack.mediumra.re/img/photography-3.jpg]
[trystack.mediumra.re/img/photography-4.jpg]
[trystack.mediumra.re/img/photography-5.jpg]
[trystack.mediumra.re/home-portfolio-photography.html]
[trystack.mediumra.re/img/photography-logo-1.png]
[trystack.mediumra.re/img/photography-6.jpg]
[trystack.mediumra.re/img/photography-12.jpg]
[trystack.mediumra.re/img/photography-9.jpg]
[trystack.mediumra.re/img/photography-7.jpg]
[trystack.mediumra.re/img/photography-10.jpg]
[trystack.mediumra.re/img/photography-8.jpg]
[trystack.mediumra.re/home-portfolio-photography-2.html]
[trystack.mediumra.re/img/architecture-1.jpg]
[trystack.mediumra.re/img/architecture-2.jpg]
[trystack.mediumra.re/img/architecture-3.jpg]
[trystack.mediumra.re/home-portfolio-studio-1.html]
[trystack.mediumra.re/video/video.webm]
[trystack.mediumra.re/video/video.mp4]
[trystack.mediumra.re/video/video.ogv]
[trystack.mediumra.re/img/hero-1.jpg]
[trystack.mediumra.re/img/work-1.jpg]
[trystack.mediumra.re/img/work-5.jpg]
[trystack.mediumra.re/img/work-4.jpg]
[trystack.mediumra.re/home-portfolio-studio-2.html]
[trystack.mediumra.re/img/agency-4.jpg]
[trystack.mediumra.re/img/blog-2.jpg]
[trystack.mediumra.re/img/blog-4.jpg]
[trystack.mediumra.re/img/work-single-4.jpg]
[trystack.mediumra.re/img/work-2.jpg]
[trystack.mediumra.re/home-portfolio-video.html]
[trystack.mediumra.re/img/inner-3.jpg]
[trystack.mediumra.re/home-coming-soon-1.html]
[trystack.mediumra.re/img/headline-3.png]
[trystack.mediumra.re/home-coming-soon-2.html]
[trystack.mediumra.re/img/inner-9.jpg]
[trystack.mediumra.re/home-coming-soon-3.html]
[trystack.mediumra.re/img/gallery-1.jpg]
[trystack.mediumra.re/page-about-company.html]
[trystack.mediumra.re/img/avatar-wide-3.jpg]
[trystack.mediumra.re/img/avatar-wide-4.jpg]
[trystack.mediumra.re/img/avatar-wide-1.jpg]
[trystack.mediumra.re/img/avatar-wide-2.jpg]
[trystack.mediumra.re/page-about-team.html]
[trystack.mediumra.re/img/inner-1.jpg]
[trystack.mediumra.re/page-about-me.html]
[trystack.mediumra.re/img/cowork-3.jpg]
[trystack.mediumra.re/page-about-history.html]
[trystack.mediumra.re/page-careers.html]
[trystack.mediumra.re/page-careers-single.html]
[trystack.mediumra.re/page-contact-map-1.html]
[trystack.mediumra.re/page-contact-map-2.html]
[trystack.mediumra.re/page-contact-map-3.html]
[trystack.mediumra.re/img/inner-2.jpg]
[trystack.mediumra.re/page-contact-map-4.html]
[trystack.mediumra.re/page-contact-planner-1.html]
[trystack.mediumra.re/page-contact-planner-2.html]
[trystack.mediumra.re/page-pricing-1.html]
[trystack.mediumra.re/page-pricing-2.html]
[trystack.mediumra.re/img/device-7.png]
[trystack.mediumra.re/img/device-5.png]
[trystack.mediumra.re/img/device-8.png]
[trystack.mediumra.re/page-pricing-3.html]
[trystack.mediumra.re/page-services-1.html]
[trystack.mediumra.re/page-services-2.html]
[trystack.mediumra.re/page-services-3.html]
[trystack.mediumra.re/page-accounts-profile.html]
[trystack.mediumra.re/page-accounts-settings.html]
[trystack.mediumra.re/page-accounts-login-1.html]
[trystack.mediumra.re/page-accounts-login-2.html]
[trystack.mediumra.re/img/inner-7.jpg]
[trystack.mediumra.re/page-accounts-create-1.html]
[trystack.mediumra.re/page-accounts-create-2.html]
[trystack.mediumra.re/page-accounts-recover.html]
[trystack.mediumra.re/page-utility-conversation.html]
[trystack.mediumra.re/404.html]
[trystack.mediumra.re/500.html]
[trystack.mediumra.re/page-utility-maintnence.html]
[trystack.mediumra.re/img/art-5.png]
[trystack.mediumra.re/page-utility-onboarding.html]
[trystack.mediumra.re/page-utility-search-results-list.html]
[trystack.mediumra.re/page-utility-search-results.html]
[trystack.mediumra.re/variant/css/variant-icons.css]
[trystack.mediumra.re/variant/css/variant-social-icons.css]
[trystack.mediumra.re/variant/css/mediumEditor.css]
[trystack.mediumra.re/variant/css/normalize.css]
[trystack.mediumra.re/variant/css/style.css]
[trystack.mediumra.re/variant/theme/css/bootstrap.css]
[trystack.mediumra.re/variant/theme/css/stack-interface.css]
[trystack.mediumra.re/variant/theme/css/socicon.css]
[trystack.mediumra.re/variant/theme/css/lightbox.min.css]
[trystack.mediumra.re/variant/theme/css/flickity.css]
[trystack.mediumra.re/variant/theme/css/iconsmind.css]
[trystack.mediumra.re/variant/theme/css/theme.css]
[trystack.mediumra.re/variant/img/full-logo.png]
[trystack.mediumra.re/variant/img/mrare.png]
[trystack.mediumra.re/img/landing-24.jpg]
[trystack.mediumra.re/img/landing-23.jpg]
[trystack.mediumra.re/img/agency-2.jpg]
[trystack.mediumra.re/img/device-4.png]
[trystack.mediumra.re/img/agency-1.jpg]
[trystack.mediumra.re/img/blog-6.jpg]
[trystack.mediumra.re/img/landing-11.jpg]
[trystack.mediumra.re/img/inner-8.jpg]
[trystack.mediumra.re/img/product-small-10.png]
[trystack.mediumra.re/img/product-single-2.jpg]
[trystack.mediumra.re/img/product-single-1.jpg]
[trystack.mediumra.re/img/product-single-3.jpg]
[trystack.mediumra.re/variant/js/underscore.min.js]
[trystack.mediumra.re/variant/theme/js/parallax.js]
[trystack.mediumra.re/variant/theme/js/typed.min.js]
[trystack.mediumra.re/variant/js/jquery.js]
[trystack.mediumra.re/variant/theme/js/flickity.min.js]
[trystack.mediumra.re/variant/theme/js/easypiechart.min.js]
[trystack.mediumra.re/variant/theme/js/isotope.min.js]
[trystack.mediumra.re/variant/theme/js/lightbox.min.js]
[trystack.mediumra.re/variant/theme/js/granim.min.js]
[trystack.mediumra.re/variant/theme/js/ytplayer.min.js]
[trystack.mediumra.re/variant/theme/js/countdown.min.js]
[trystack.mediumra.re/variant/theme/js/twitterfetcher.min.js]
[trystack.mediumra.re/variant/theme/js/spectragram.min.js]
[trystack.mediumra.re/variant/theme/js/smooth-scroll.min.js]
[trystack.mediumra.re/variant/theme/js/scripts.js]
[trystack.mediumra.re/variant/js/alterClass.js]
[trystack.mediumra.re/variant/js/jquery-ui-1.10.4.custom.min.js]
[trystack.mediumra.re/variant/js/storage2.js]
[trystack.mediumra.re/variant/js/simpleModal.js]
[trystack.mediumra.re/variant/js/saveAs.js]
[trystack.mediumra.re/variant/js/htmlBeautify.js]
[trystack.mediumra.re/variant/js/mediumEditor.min.js]
[trystack.mediumra.re/variant/builder.html]
[trystack.mediumra.re/variant/js/he.js]
[trystack.mediumra.re/img/promo-1.jpg]
[trystack.mediumra.re/sections-accordions.html]
[trystack.mediumra.re/sections-cta.html]
[trystack.mediumra.re/sections-cards.html]
[trystack.mediumra.re/sections-covers.html]
[trystack.mediumra.re/variant/js/jsZip.js]
[trystack.mediumra.re/sections-features-small.html]
[trystack.mediumra.re/sections-features-large.html]
[trystack.mediumra.re/sections-contact.html]
[trystack.mediumra.re/variant/js/variant.js]
[trystack.mediumra.re/sections-signup.html]
[trystack.mediumra.re/sections-subscribe.html]
[trystack.mediumra.re/sections-footers.html]
[trystack.mediumra.re/img/product-small-5.png]
[trystack.mediumra.re/img/product-small-4.png]
[trystack.mediumra.re/img/product-small-3.png]
[trystack.mediumra.re/img/product-small-11.png]
[trystack.mediumra.re/img/product-small-9.png]
[trystack.mediumra.re/sections-galleries.html]
[trystack.mediumra.re/sections-instagram.html]
[trystack.mediumra.re/sections-maps.html]
[trystack.mediumra.re/img/product-small-4.jpg]
[trystack.mediumra.re/sections-modals.html]
[trystack.mediumra.re/sections-navigation.html]
[trystack.mediumra.re/sections-notifications.html]
[trystack.mediumra.re/sections-pricing.html]
[trystack.mediumra.re/sections-processes.html]
[trystack.mediumra.re/img/product-small-2.png]
[trystack.mediumra.re/img/product-small-12.png]
[trystack.mediumra.re/sections-sliders.html]
[trystack.mediumra.re/sections-twitter.html]
[trystack.mediumra.re/sections-tabs.html]
[trystack.mediumra.re/sections-team.html]
[trystack.mediumra.re/sections-testimonials.html]
[trystack.mediumra.re/sections-text-layouts.html]
[trystack.mediumra.re/sections-titles.html]
[trystack.mediumra.re/sections-videos.html]
[trystack.mediumra.re/elements.html]
[trystack.mediumra.re/elements-accordions.html]
[trystack.mediumra.re/elements-alerts.html]
[trystack.mediumra.re/elements-boxes.html]
[trystack.mediumra.re/elements-buttons.html]
[trystack.mediumra.re/elements-colors.html]
[trystack.mediumra.re/elements-countdown.html]
[trystack.mediumra.re/elements-dropdowns.html]
[trystack.mediumra.re/elements-form-elements.html]
[trystack.mediumra.re/elements-gradient-backgrounds.html]
[trystack.mediumra.re/elements-grid.html]
[trystack.mediumra.re/elements-image-backgrounds.html]
[trystack.mediumra.re/elements-instagram.html]
[trystack.mediumra.re/elements-lightbox.html]
[trystack.mediumra.re/elements-maps.html]
[trystack.mediumra.re/elements-masonry.html]
[trystack.mediumra.re/elements-modals.html]
[trystack.mediumra.re/elements-navigation.html]
[trystack.mediumra.re/elements-navigation-inpage.html]
[trystack.mediumra.re/elements-navigation-sidebar.html]
[trystack.mediumra.re/elements-notifications.html]
[trystack.mediumra.re/elements-parallax.html]
[trystack.mediumra.re/elements-pricing.html]
[trystack.mediumra.re/elements-progress-bars.html]
[trystack.mediumra.re/elements-radials.html]
[trystack.mediumra.re/elements-scrims-overlays.html]
[trystack.mediumra.re/elements-sliders.html]
[trystack.mediumra.re/elements-tables.html]
[trystack.mediumra.re/elements-tabs.html]
[trystack.mediumra.re/elements-tooltips.html]
[trystack.mediumra.re/elements-twitter.html]
[trystack.mediumra.re/elements-typed-text.html]
[trystack.mediumra.re/elements-typography.html]
[trystack.mediumra.re/elements-video-background.html]
[trystack.mediumra.re/img/blog-5.jpg]
[trystack.mediumra.re/elements-video-inline.html]
[trystack.mediumra.re/elements-wizards.html]
[trystack.mediumra.re/fonts/stack-interfacea0e2.svg]
[trystack.mediumra.re/fonts/socicon21b8.svg]
[trystack.mediumra.re/fonts/iconsmind7c5b.svg]
[trystack.mediumra.re/img/blog-single-2.jpg]
[trystack.mediumra.re/blog-articles-list.html]
[trystack.mediumra.re/blog-articles-list-minimal.html]
[trystack.mediumra.re/img/blog-7.jpg]
[trystack.mediumra.re/blog-articles-magazine.html]
[trystack.mediumra.re/blog-articles-cards.html]
[trystack.mediumra.re/blog-articles-cards-sidebar.html]
[trystack.mediumra.re/blog-post-single.html]
[trystack.mediumra.re/blog-post-audio-single.html]
[trystack.mediumra.re/blog-post-image-single.html]
[trystack.mediumra.re/blog-post-video-single.html]
[trystack.mediumra.re/img/product-small-1.png]
[trystack.mediumra.re/img/product-small-8.png]
[trystack.mediumra.re/img/product-small-7.png]
[trystack.mediumra.re/img/product-small-6.png]
[trystack.mediumra.re/shop-2col.html]
[trystack.mediumra.re/shop-3col.html]
[trystack.mediumra.re/shop-4col.html]
[trystack.mediumra.re/shop-2col-tiles.html]
[trystack.mediumra.re/shop-3col-tiles.html]
[trystack.mediumra.re/shop-4col-tiles.html]
[trystack.mediumra.re/shop-product-1.html]
[trystack.mediumra.re/img/product-single-large-1.jpg]
[trystack.mediumra.re/img/product-single-large-2.jpg]
[trystack.mediumra.re/shop-product-2.html]
[trystack.mediumra.re/shop-cart.html]
[trystack.mediumra.re/shop-checkout.html]
[trystack.mediumra.re/shop-terms.html]
[trystack.mediumra.re/portfolio-one-1col.html]
[trystack.mediumra.re/portfolio-one-2col.html]
[trystack.mediumra.re/portfolio-one-3col.html]
[trystack.mediumra.re/portfolio-two-1col.html]
[trystack.mediumra.re/portfolio-two-2col.html]
[trystack.mediumra.re/portfolio-two-3col.html]
[trystack.mediumra.re/portfolio-three-1col.html]
[trystack.mediumra.re/portfolio-three-2col.html]
[trystack.mediumra.re/portfolio-three-3col.html]
[trystack.mediumra.re/portfolio-four-2col.html]
[trystack.mediumra.re/portfolio-four-3col.html]
[trystack.mediumra.re/img/work-single-1.jpg]
[trystack.mediumra.re/img/work-single-2.jpg]
[trystack.mediumra.re/portfolio-case-study-1.html]
[trystack.mediumra.re/img/work-single-3.jpg]
[trystack.mediumra.re/portfolio-case-study-2.html]
[trystack.mediumra.re/portfolio-case-study-3.html]
[trystack.mediumra.re/img/cowork-9.jpg]
[trystack.mediumra.re/portfolio-single-1.html]
[trystack.mediumra.re/portfolio-single-2.html]
[trystack.mediumra.re/img/blog-ad.png]
[trystack.mediumra.re/home-magazine.html]
[trystack.mediumra.re/css/font-roboto.css]
[trystack.mediumra.re/css/font-rubiklato.css]
[trystack.mediumra.re/css/font-robotoslab.css]
[trystack.mediumra.re/css/font-frankruhl-firasans.css]
[trystack.mediumra.re/css/font-sourcesanspro.css]
[trystack.mediumra.re/img/disable.html]
[trystack.mediumra.re/css/font-karla.css]
[trystack.mediumra.re/video/video.webm]
[trystack.mediumra.re/video/video.mp4]
[trystack.mediumra.re/video/video.ogv]
[trystack.mediumra.re/variant/fonts/variant-icons.eot]
[trystack.mediumra.re/variant/fonts/variant-icons.otf]
[trystack.mediumra.re/variant/fonts/variant-iconsd41d.eot]
[trystack.mediumra.re/variant/fonts/variant-icons.woff]
[trystack.mediumra.re/variant/fonts/variant-icons.ttf]
[trystack.mediumra.re/variant/fonts/variant-icons.svg]
[trystack.mediumra.re/variant/css/variant-icons.css]
[trystack.mediumra.re/variant/fonts/variant-social.eot]
[trystack.mediumra.re/variant/fonts/variant-sociald41d.eot]
[trystack.mediumra.re/variant/fonts/variant-social.woff]
[trystack.mediumra.re/variant/fonts/variant-social.ttf]
[trystack.mediumra.re/variant/fonts/variant-social.svg]
[trystack.mediumra.re/variant/css/variant-social-icons.css]
[trystack.mediumra.re/variant/css/mediumEditor.css]
[trystack.mediumra.re/variant/css/normalize.css]
[trystack.mediumra.re/variant/img/checkerboard.png]
[trystack.mediumra.re/variant/css/style.css]
[trystack.mediumra.re/variant/theme/css/bootstrap.css]
[trystack.mediumra.re/variant/theme/fonts/stack-interfacea0e2.eot]
[trystack.mediumra.re/variant/theme/fonts/stack-interfacea0e2.woff2]
[trystack.mediumra.re/variant/theme/fonts/stack-interfacea0e2.woff]
[trystack.mediumra.re/variant/theme/fonts/stack-interfacea0e2.ttf]
[trystack.mediumra.re/variant/theme/fonts/stack-interfacea0e2.svg]
[trystack.mediumra.re/variant/theme/css/stack-interface.css]
[trystack.mediumra.re/variant/theme/fonts/socicon21b8.eot]
[trystack.mediumra.re/variant/theme/fonts/socicon21b8.ttf]
[trystack.mediumra.re/variant/theme/fonts/socicon21b8.woff]
[trystack.mediumra.re/variant/theme/fonts/socicon21b8.svg]
[trystack.mediumra.re/variant/theme/css/socicon.css]
[trystack.mediumra.re/variant/theme/css/lightbox.min.css]
[trystack.mediumra.re/variant/theme/css/flickity.css]
[trystack.mediumra.re/variant/theme/fonts/iconsmindd41d.eot]
[trystack.mediumra.re/variant/theme/fonts/iconsmind.woff]
[trystack.mediumra.re/variant/theme/fonts/iconsmind.ttf]
[trystack.mediumra.re/variant/theme/css/iconsmind.css]
[trystack.mediumra.re/variant/theme/css/theme.css]
[trystack.mediumra.re/variant/index.html]
[trystack.mediumra.re/variant/page-accounts-create-1.html]
[trystack.mediumra.re/variant/page-accounts-recover.html]
[trystack.mediumra.re/elements-grid-2.html]
[trystack.mediumra.re/video/video.webm]
[trystack.mediumra.re/variant/fonts/variant-icons.svg]
[trystack.mediumra.re/variant/fonts/variant-social.svg]
[trystack.mediumra.re/variant/img/index.html]
[trystack.mediumra.re/variant/theme/fonts/stack-interfacea0e2.svg]
[trystack.mediumra.re/variant/theme/fonts/socicon21b8.svg]
[trystack.mediumra.re/variant/theme/fonts/iconsmind.woff]
